// Jest Snapshot v1, https://goo.gl/fbAQLP

exports[`changes currentClass modifier class on change of isCurrent 1`] = `
<a
  aria-label="Page label"
  class="c-sliding-pagination__page"
  href="#"
>
  1
</a>
`;

exports[`changes currentClass modifier class on change of isCurrent 2`] = `
<a
  aria-label="Page label"
  class="c-sliding-pagination__page"
  href="#"
>
  1
</a>
`;
